C51 COMPILER V9.54   MAIN                                                                  11/03/2020 07:27:58 PAGE 1   


C51 COMPILER V9.54, COMPILATION OF MODULE MAIN
OBJECT MODULE PLACED IN Main.OBJ
COMPILER INVOKED BY: c:\Keil_v5\C51\BIN\C51.EXE Main.c OMF2 ROM(COMPACT) OPTIMIZE(8,SPEED) BROWSE DEBUG TABS(2)

line level    source

   1          
   2          #include "STC15F104E.h"
   3          
   4           
   5          #include "./public/inc/config.h" 
   6          #include "./public/inc/delay.h"  
   7          #include "./public/inc/init.h"
   8          #include "./public/inc/process.h"
   9          
  10          volatile uint8 state,next_state,switch_state;
  11          volatile uint8   LED_type;
  12          volatile uint16 process_time,buz_time,key_holdtime;
  13          volatile uint16 Time_us, Time_ms,Time_sec,Time_min,power_refresh;
  14          volatile bit Timer_update,UV_on,switch_update,refresh;
  15          
  16          
  17          void Enable_power()
  18          {
  19   1        
  20   1      
  21   1        if (((power_refresh%20)==0)&&((Time_ms<500)==0)) 
  22   1        {
  23   2          
  24   2          VCC_EN=0;
  25   2        } else VCC_EN=1;
  26   1           
  27   1        
  28   1        
  29   1      }
  30          
  31          
  32          
  33          void Check_switch()
  34          {
  35   1          if (key_holdtime>press_time) 
  36   1          {
  37   2            switch_state++;
  38   2            if (switch_state>3) switch_state=0;
  39   2           
  40   2      //      SPEED0=0;
  41   2            switch (switch_state)
  42   2            {
  43   3              case 0:     
  44   3                
  45   3                          LED_type=0;
  46   3                          state=standby_mode;
  47   3                          break;
  48   3      
  49   3              case 1:     
  50   3                          power_refresh=0;
  51   3                          LED_type=1;
  52   3                          state=speed0_mode;
  53   3                          break;
  54   3              case 2:     
  55   3                          power_refresh=0;
C51 COMPILER V9.54   MAIN                                                                  11/03/2020 07:27:58 PAGE 2   

  56   3                          LED_type=2;
  57   3              
  58   3                          state=speed1_mode;
  59   3                          break;
  60   3              
  61   3              case 3:     
  62   3                          power_refresh=0;
  63   3                           LED_type=3;
  64   3                          state=speed2_mode;
  65   3                          break;
  66   3              
  67   3            
  68   3            
  69   3              
  70   3            } 
  71   2            
  72   2        
  73   2            Time_ms=0;
  74   2            Time_sec=0;
  75   2            Time_min=0;
  76   2            switch_update=0;
  77   2            key_holdtime=0;
  78   2            delay_ms(250);
  79   2          }   
  80   1        
  81   1         
  82   1          
  83   1      
  84   1      
  85   1        
  86   1      }
  87                
  88              
  89              
  90              
  91            
  92            
  93            
  94          
  95          void State_process()
  96          {
  97   1          switch (state)
  98   1          {
  99   2        
 100   2        case standby_mode:    
 101   2                          
 102   2                          SPEED0=0;
 103   2                          LED_type=0;
 104   2                          SPEED0=0;
 105   2                          SPEED1=0;
 106   2                          SET_INPUT(IO_SPEED2);
 107   2                          next_state=standby_mode;
 108   2        
 109   2                           
 110   2        
 111   2        
 112   2                          break;
 113   2        
 114   2        case speed0_mode:       
 115   2                          
 116   2                          Enable_power();
 117   2                           
C51 COMPILER V9.54   MAIN                                                                  11/03/2020 07:27:58 PAGE 3   

 118   2                          SPEED0=1;
 119   2                          SPEED1=0;
 120   2                          SET_INPUT(IO_SPEED2);
 121   2                         
 122   2                          next_state=speed0_mode;
 123   2                          break;
 124   2        
 125   2        case speed1_mode:       
 126   2                          
 127   2                          Enable_power();
 128   2                          SPEED0=1;
 129   2                          SPEED1=1;
 130   2                          SET_INPUT(IO_SPEED2);
 131   2                         
 132   2                          next_state=speed1_mode;
 133   2                          break;
 134   2        
 135   2        case speed2_mode:     
 136   2                          Enable_power();
 137   2                          SPEED0=1;
 138   2                          SPEED1=1;
 139   2                          SET_CMOS(IO_SPEED2);
 140   2                          SPEED2=0;
 141   2      
 142   2                       
 143   2                          
 144   2                         next_state=speed2_mode;
 145   2                          break;
 146   2        
 147   2        
 148   2        
 149   2      
 150   2      
 151   2      
 152   2        
 153   2          }
 154   1          
 155   1      state=next_state;
 156   1      
 157   1      
 158   1      }
 159          
 160          
 161          
 162          
 163          
 164          
 165          
 166          
 167          void main(void) 
 168          {
 169   1        IO_Init();
 170   1        InitTime0();
 171   1        InitTime2();
 172   1        InitExtInterrupt();
 173   1      
 174   1        InitParameter() ;
 175   1      
 176   1        while(1) 
 177   1        { 
 178   2        
 179   2      
C51 COMPILER V9.54   MAIN                                                                  11/03/2020 07:27:58 PAGE 4   

 180   2          
 181   2          Check_switch();
 182   2          State_process();
 183   2          
 184   2      
 185   2          Process_Timer();
 186   2       
 187   2          Process_LED();
 188   2         
 189   2        
 190   2          Process_sleep();
 191   2      
 192   2      
 193   2          
 194   2        } 
 195   1      }
 196          
 197          void int0() interrupt 0
 198          {
 199   1      
 200   1         if ((switch_update==0)&&(SW==1)) 
 201   1         {
 202   2            Time_us=0;
 203   2            Time_ms=0;
 204   2            Time_sec=0;
 205   2            Time_min=0;
 206   2            
 207   2            key_holdtime=0;
 208   2            switch_update=1;
 209   2         }
 210   1      }
 211          
 212          void int1() interrupt 2
 213          {
 214   1         
 215   1      }
 216          
 217          
 218           
 219          void timer0() interrupt 1
 220          {
 221   1      
 222   1      if (switch_update==1) 
 223   1      {
 224   2        key_holdtime++;
 225   2        
 226   2        
 227   2        
 228   2          
 229   2          }
 230   1         
 231   1        Timer_update=1;
 232   1      }
 233          
 234          
 235          
 236          
 237          void timer2() interrupt 12  
 238          {
 239   1      
 240   1           
 241   1      }
C51 COMPILER V9.54   MAIN                                                                  11/03/2020 07:27:58 PAGE 5   

 242          


MODULE INFORMATION:   STATIC OVERLAYABLE
   CODE SIZE        =    396    ----
   CONSTANT SIZE    =   ----    ----
   XDATA SIZE       =   ----    ----
   PDATA SIZE       =   ----    ----
   DATA SIZE        =   ----    ----
   IDATA SIZE       =     20    ----
   BIT SIZE         =      4    ----
   EDATA SIZE       =   ----    ----
   HDATA SIZE       =   ----    ----
   XDATA CONST SIZE =   ----    ----
   FAR CONST SIZE   =   ----    ----
END OF MODULE INFORMATION.


C51 COMPILATION COMPLETE.  0 WARNING(S),  0 ERROR(S)
