C51 COMPILER V9.54   MAIN                                                                  03/08/2021 17:22:11 PAGE 1   


C51 COMPILER V9.54, COMPILATION OF MODULE MAIN
OBJECT MODULE PLACED IN Main.OBJ
COMPILER INVOKED BY: c:\Keil_v5\C51\BIN\C51.EXE Main.c OMF2 ROM(COMPACT) OPTIMIZE(8,SPEED) BROWSE DEBUG TABS(2)

line level    source

   1          
   2          #include "STC15F104E.h"
   3          
   4           
   5          #include "./public/inc/config.h" 
   6          #include "./public/inc/delay.h"  
   7          #include "./public/inc/init.h"
   8          #include "./public/inc/process.h"
   9          
  10          volatile uint8 state,next_state,switch_state;
  11          volatile uint8   LED_type;
  12          volatile uint16 process_time,buz_time,key_holdtime;
  13          volatile uint16 Time_us, Time_ms,Time_sec,Time_min,Time_cnt,scan_sec;
  14          volatile bit Timer_update,Beep, UV_on, ion_on,switch_update,scan,unlock;
  15          
  16          
  17          
  18          void DCDC_enable(void)
  19          {
  20   1      
  21   1        
  22   1        
  23   1      //  
  24   1      //  SET_INPUT(IO_VCC_det);                
  25   1      //  if ((VCC_det==0)&&(Time_ms<500)==0) VCC_EN=0; else  VCC_EN=1;
  26   1      //    
  27   1        
  28   1      }
  29          
  30          
  31          
  32          void Check_switch()
  33          {
  34   1        
  35   1        
  36   1      //  if (scan_sec>5)
  37   1      //  {
  38   1      //    unlock=0; 
  39   1      //    scan=0;
  40   1      //    scan_sec=0;
  41   1      //  }
  42   1        
  43   1        unlock=1;
  44   1        
  45   1            if (key_holdtime>press_200ms) 
  46   1          {
  47   2              if ((key_holdtime>press_3s)&&(SW==1))
  48   2              {
  49   3                unlock=0;
  50   3                state=standby_mode;
  51   3                switch_state=0;
  52   3                key_holdtime=0;
  53   3                switch_update=0;
  54   3              }
  55   2              else if ((key_holdtime<press_3s)&&(SW==0))
C51 COMPILER V9.54   MAIN                                                                  03/08/2021 17:22:11 PAGE 2   

  56   2              {
  57   3                if (unlock==1) switch_state++;
  58   3                    else 
  59   3                    {   
  60   4                      unlock=1;
  61   4                    }
  62   3                    
  63   3                if ((switch_state==0)&& (unlock==1))
  64   3                    switch_state=1;
  65   3                
  66   3                
  67   3                
  68   3                
  69   3                
  70   3              if (switch_state>2) switch_state=0;
  71   3              switch (switch_state)
  72   3              {
  73   4              case 0:     
  74   4                        
  75   4                          state=standby_mode;
  76   4                          break;
  77   4              case 1:     
  78   4                          
  79   4                          state=ion_mode;
  80   4                          break;
  81   4              case 2:     
  82   4                          
  83   4                          state=uv_mode;
  84   4                          break;
  85   4                } 
  86   3        
  87   3              scan=1;
  88   3              scan_sec=0;
  89   3              EX0=0;
  90   3              switch_update=0;
  91   3              delay_ms(200);
  92   3              key_holdtime=0;
  93   3              }   
  94   2            }
  95   1      
  96   1        
  97   1      }
  98                
  99              
 100          
 101            
 102            
 103            
 104          
 105          void State_process()
 106          {
 107   1          switch (state)
 108   1          {
 109   2        
 110   2        case standby_mode:    
 111   2                          
 112   2                          VCC_EN=1;
 113   2                       
 114   2                          ion_on=0;
 115   2                          UV_on  = 0;
 116   2                          switch_state=0;
 117   2                          LED_type=0;
C51 COMPILER V9.54   MAIN                                                                  03/08/2021 17:22:11 PAGE 3   

 118   2                          next_state=standby_mode;
 119   2        
 120   2                           
 121   2        
 122   2        
 123   2                          break;
 124   2        
 125   2          case uv_mode:       
 126   2                          
 127   2                          DCDC_enable();  
 128   2                          LED_type=2;
 129   2                          ion_on=0;
 130   2                          UV_on=1;
 131   2                          
 132   2                          if (Time_min>=time_T0) 
 133   2                          {
 134   3                            Time_min=0;
 135   3                            next_state=standby_mode; 
 136   3                          }else next_state=uv_mode;
 137   2                          if (USB==1) next_state=standby_mode;
 138   2                          break;
 139   2        
 140   2        
 141   2          case ion_mode:        
 142   2                          
 143   2                          DCDC_enable();  
 144   2                          LED_type=2;
 145   2                          ion_on=1;
 146   2                          UV_on=0;
 147   2                          
 148   2                        
 149   2                          next_state=ion_mode;
 150   2                          if (USB==1) next_state=standby_mode;
 151   2                          break;
 152   2          
 153   2        
 154   2          }
 155   1          
 156   1      state=next_state;
 157   1      
 158   1      
 159   1      }
 160          
 161          
 162          
 163          
 164          
 165          
 166          
 167          
 168          void main(void) 
 169          {
 170   1        IO_Init();
 171   1        InitTime0();
 172   1         
 173   1        InitExtInterrupt();
 174   1      
 175   1        InitParameter() ;
 176   1        
 177   1      
 178   1      
 179   1        while(1) 
C51 COMPILER V9.54   MAIN                                                                  03/08/2021 17:22:11 PAGE 4   

 180   1        { 
 181   2        
 182   2      
 183   2        
 184   2          Check_switch();
 185   2          State_process();
 186   2          
 187   2      
 188   2          Process_Timer();
 189   2         
 190   2          Process_UV();
 191   2          Process_LED();
 192   2         
 193   2          Process_ION(); 
 194   2          Process_sleep();
 195   2          EX0=1;                   //complete the process and enable external SW interrupt
 196   2      
 197   2          
 198   2        } 
 199   1      }
 200          
 201          void int0() interrupt 0
 202          {
 203   1      
 204   1         if ((switch_update==0)&&(SW==1)) 
 205   1         {
 206   2            Time_us=0;
 207   2            Time_ms=0;
 208   2            Time_sec=0;
 209   2            Time_min=0;
 210   2            
 211   2            key_holdtime=0;
 212   2            switch_update=1;
 213   2         }
 214   1      }
 215          
 216          void int1() interrupt 2
 217          {
 218   1       
 219   1      
 220   1      }
 221           
 222          void timer0() interrupt 1
 223          {
 224   1      
 225   1      if (switch_update==1) 
 226   1      {
 227   2        key_holdtime++;
 228   2        
 229   2        
 230   2        
 231   2          
 232   2          }
 233   1         
 234   1        Timer_update=1;
 235   1      }
 236          
 237          
 238          
 239          
 240          void timer2() interrupt 12  
 241          {
C51 COMPILER V9.54   MAIN                                                                  03/08/2021 17:22:11 PAGE 5   

 242   1        
 243   1      }
 244          


MODULE INFORMATION:   STATIC OVERLAYABLE
   CODE SIZE        =    380    ----
   CONSTANT SIZE    =   ----    ----
   XDATA SIZE       =   ----    ----
   PDATA SIZE       =   ----    ----
   DATA SIZE        =   ----    ----
   IDATA SIZE       =     22    ----
   BIT SIZE         =      7    ----
   EDATA SIZE       =   ----    ----
   HDATA SIZE       =   ----    ----
   XDATA CONST SIZE =   ----    ----
   FAR CONST SIZE   =   ----    ----
END OF MODULE INFORMATION.


C51 COMPILATION COMPLETE.  0 WARNING(S),  0 ERROR(S)
