C51 COMPILER V9.54   MAIN                                                                  12/13/2020 23:49:12 PAGE 1   


C51 COMPILER V9.54, COMPILATION OF MODULE MAIN
OBJECT MODULE PLACED IN Main.OBJ
COMPILER INVOKED BY: c:\Keil_v5\C51\BIN\C51.EXE Main.c OMF2 ROM(COMPACT) OPTIMIZE(8,SPEED) BROWSE DEBUG TABS(2)

line level    source

   1          
   2          #include "STC15F104E.h"
   3          
   4           
   5          #include "./public/inc/config.h" 
   6          #include "./public/inc/delay.h"  
   7          #include "./public/inc/init.h"
   8          #include "./public/inc/process.h"
   9          
  10          volatile uint8 state,next_state,SW1_state,next_SW1_state;
  11          volatile uint8   O3_level,LED_type;
  12          volatile uint16 process_time,buz_time,key_holdtime,power_refresh;
  13          volatile uint16 Time_us, Time_ms,Time_sec,Time_min,scan_sec;
  14          volatile bit Timer_update,Beep, UV_on,ION_on,O3_on,switch_update,SW1_pressed,SW2_pressed,scan,unlock;
  15          
  16          
  17          
  18          void DCDC_enable(void)
  19          {
  20   1      
  21   1        
  22   1        
  23   1        if (((power_refresh%20)==0)&&((Time_ms<500)==0)) 
  24   1        {
  25   2          
  26   2          VCC_EN=0;
  27   2        } else VCC_EN=1;
  28   1           
  29   1        
  30   1      }
  31          
  32          
  33          
  34          
  35            
  36          void Check_switch()
  37          {
  38   1        if (scan_sec>5)
  39   1        {
  40   2          unlock=0; 
  41   2          scan=0;
  42   2          scan_sec=0;
  43   2        }
  44   1          if (key_holdtime>press_200ms) 
  45   1          {
  46   2            
  47   2            
  48   2            
  49   2            if ((key_holdtime>press_3s)&&(SW1==1))
  50   2              {
  51   3                state=standby_mode;
  52   3                unlock=0;
  53   3                SW1_state=0;
  54   3                key_holdtime=0;
  55   3                SW1_pressed=0;
C51 COMPILER V9.54   MAIN                                                                  12/13/2020 23:49:12 PAGE 2   

  56   3                switch_update=0;
  57   3              
  58   3              }
  59   2              else if ((key_holdtime<press_3s)&&(SW1==0))
  60   2              {
  61   3          
  62   3                if (unlock==1) SW1_state++;
  63   3                    else 
  64   3                    {
  65   4                    
  66   4                      unlock=1;
  67   4                    
  68   4                    }
  69   3                    
  70   3                 if ((SW1_state==0)&& (unlock==1))
  71   3                    SW1_state=1;
  72   3                 
  73   3              if (SW1_state>3) SW1_state=0;
  74   3            
  75   3                switch (SW1_state)
  76   3                {
  77   4                case 0:     
  78   4                        
  79   4                          state=standby_mode;
  80   4                          break;
  81   4                case 1:     
  82   4                          power_refresh=0;
  83   4                          state=ION_mode;
  84   4                          break;
  85   4                case 2:     
  86   4                        
  87   4                          power_refresh=0;
  88   4                          state=UVION_mode;
  89   4                          break;
  90   4                case 3:     
  91   4                        
  92   4                          power_refresh=0;
  93   4                          state=O3_mode;
  94   4                          break;
  95   4              
  96   4              
  97   4                } 
  98   3           
  99   3                scan=1;
 100   3                scan_sec=0;
 101   3                
 102   3                key_holdtime=0;
 103   3                SW1_pressed=0;
 104   3                switch_update=0;
 105   3                delay_ms(250);
 106   3              }
 107   2          }   
 108   1        
 109   1         
 110   1          
 111   1      
 112   1      
 113   1        
 114   1      
 115   1      //  
 116   1      //   if ((Time_ms%100)<10)
 117   1      //   {
C51 COMPILER V9.54   MAIN                                                                  12/13/2020 23:49:12 PAGE 3   

 118   1      //     SW2=0;
 119   1      //     SET_INPUT(IO_SW2);
 120   1      //     if ((Time_ms%100)>5) 
 121   1      //     {
 122   1      //       EX1=1;
 123   1      //       EX0=1;
 124   1      //     }
 125   1      //   }
 126   1      //   else 
 127   1      //   {
 128   1      //     EX1=0;
 129   1      //     EX0=0;
 130   1           SET_CMOS(IO_O3);
 131   1           if (O3_on==1) O3=1; else O3=0;
 132   1      //   }
 133   1      //     
 134   1          
 135   1      
 136   1      
 137   1        
 138   1      }
 139                
 140              
 141              
 142              
 143            
 144            
 145            
 146          
 147          void State_process()
 148          {
 149   1          switch (state)
 150   1          {
 151   2        
 152   2        case standby_mode:    
 153   2                          
 154   2                          VCC_EN=1;
 155   2                          ION_on=0;
 156   2                          O3_level  = 0;
 157   2                          UV_on  = 0;
 158   2                         SW1_state=0;
 159   2                          LED_type=0;
 160   2                          next_state=standby_mode;
 161   2        
 162   2                         
 163   2        
 164   2                          break;
 165   2        
 166   2        case ION_mode:        
 167   2                          
 168   2      //                  DCDC_enable();
 169   2                            
 170   2                         LED_type=1;
 171   2                         O3_level=0;
 172   2                          UV_on=0;
 173   2                          ION_on=1;
 174   2                          next_state=ION_mode;
 175   2                         
 176   2                      
 177   2                          break;
 178   2        
 179   2        case O3_mode:       
C51 COMPILER V9.54   MAIN                                                                  12/13/2020 23:49:12 PAGE 4   

 180   2                          
 181   2      //                    DCDC_enable();  
 182   2                          LED_type=2;
 183   2                          O3_level=2;
 184   2                          UV_on=0;
 185   2                          ION_on=0;
 186   2                          if (Time_min>=59) 
 187   2                          {
 188   3                            
 189   3                            next_state=O3_saving_mode; 
 190   3                          }else next_state=O3_mode;
 191   2                           
 192   2                          break;
 193   2          
 194   2          case O3_saving_mode:
 195   2                          
 196   2                          
 197   2                          LED_type=2;
 198   2          
 199   2                          
 200   2                          UV_on=0;
 201   2                          ION_on=0;
 202   2                          if (Time_min<=5) 
 203   2                          {
 204   3      //                      DCDC_enable();
 205   3                              O3_level=2;
 206   3                          }else   O3_level=0;
 207   2                            
 208   2          
 209   2          
 210   2                          next_state=O3_saving_mode;
 211   2                         
 212   2                          break;
 213   2                          
 214   2          
 215   2        
 216   2        case UVION_mode:      
 217   2                          
 218   2                        DCDC_enable();
 219   2        
 220   2                         LED_type=1;
 221   2                          O3_level=2;
 222   2                          UV_on=1;
 223   2                          ION_on=0;
 224   2                          
 225   2                          if (Time_min>=time_T1) next_state=ozone_mode; else next_state=UVION_mode;
 226   2        
 227   2                
 228   2                         
 229   2                          break;
 230   2        
 231   2        
 232   2        case ozone_mode:  
 233   2                            
 234   2      //                  DCDC_enable();
 235   2                        LED_type=3;
 236   2                          O3_level=2;
 237   2                          UV_on=0;
 238   2                          ION_on=0;
 239   2                          
 240   2        
 241   2         
C51 COMPILER V9.54   MAIN                                                                  12/13/2020 23:49:12 PAGE 5   

 242   2                          if (Time_min>=time_T2) next_state=wait_mode; else   next_state=ozone_mode;
 243   2                            
 244   2                       
 245   2                          break;
 246   2            
 247   2      
 248   2      
 249   2        case wait_mode: 
 250   2                            
 251   2      //                  DCDC_enable();
 252   2                          LED_type=3;
 253   2                          O3_level=2;
 254   2                          UV_on=0;
 255   2                          ION_on=1;
 256   2                          
 257   2        
 258   2        
 259   2                 
 260   2                          if (Time_min>=time_T3) 
 261   2                          {
 262   3                            
 263   3                            
 264   3                            buz_time=0;
 265   3                            Time_ms=0;
 266   3                            Time_sec=0;
 267   3                            next_state=BUZ_mode; 
 268   3                          }
 269   2                            else  next_state=wait_mode;
 270   2                         
 271   2                          
 272   2                          break;
 273   2      
 274   2                          
 275   2        case BUZ_mode:
 276   2                          UV_on=0;
 277   2                          ION_on=0;
 278   2                          EX0=0;
 279   2                          Beep=1;
 280   2                          delay_ms(250);
 281   2                          Beep=0;
 282   2                          delay_ms(250);
 283   2                          Beep=1;
 284   2                          delay_ms(250);
 285   2                          Beep=0;
 286   2                          BUZ=0;
 287   2                          delay_ms(500);
 288   2                          LED_type=0;
 289   2                          EX0=1;
 290   2                          next_state=  standby_mode;
 291   2                         
 292   2                          break;
 293   2        
 294   2          }
 295   1          
 296   1      state=next_state;
 297   1      
 298   1      
 299   1      }
 300          
 301          
 302          
 303          
C51 COMPILER V9.54   MAIN                                                                  12/13/2020 23:49:12 PAGE 6   

 304          
 305          
 306          
 307          
 308          void main(void) 
 309          {
 310   1        IO_Init();
 311   1        InitTime0();
 312   1        InitTime2();
 313   1        InitExtInterrupt();
 314   1      
 315   1        InitParameter() ;
 316   1      
 317   1        while(1) 
 318   1        { 
 319   2        
 320   2      
 321   2           
 322   2          Check_switch();
 323   2          State_process();
 324   2          
 325   2      
 326   2          Process_Timer();
 327   2          Process_ION();
 328   2          Process_UV();
 329   2          Process_LED();
 330   2          Process_BUZ();
 331   2          Process_O3();
 332   2          Process_sleep();
 333   2      
 334   2      
 335   2          
 336   2        } 
 337   1      }
 338          
 339          void int0() interrupt 0
 340          {
 341   1      
 342   1         if ((switch_update==0)&&(SW1==1)) 
 343   1         {
 344   2            Time_us=0;
 345   2            Time_ms=0;
 346   2            Time_sec=0;
 347   2            Time_min=0;
 348   2            SW1_pressed=1;
 349   2            key_holdtime=0;
 350   2             
 351   2            switch_update=1;
 352   2         }
 353   1      }
 354          
 355          void int1() interrupt 2
 356          {
 357   1      
 358   1      //    if ((switch_update==0)&&(SW2==1)) 
 359   1      //   {
 360   1      //     
 361   1      //      Time_us=0;
 362   1      //      Time_ms=0;
 363   1      //      Time_sec=0;
 364   1      //      Time_min=0;
 365   1      //      SW2_pressed=1;
C51 COMPILER V9.54   MAIN                                                                  12/13/2020 23:49:12 PAGE 7   

 366   1      //      key_holdtime=0;
 367   1      //       
 368   1      //      switch_update=1;
 369   1      //   }
 370   1      }
 371          
 372          
 373           
 374          void timer0() interrupt 1
 375          {
 376   1      
 377   1      if (switch_update==1) 
 378   1      {
 379   2        key_holdtime++;
 380   2       
 381   2        
 382   2        
 383   2          
 384   2          }
 385   1         
 386   1        Timer_update=1;
 387   1      }
 388          
 389          
 390          
 391          
 392          void timer2() interrupt 12  
 393          {
 394   1       if (Beep==1) 
 395   1          {
 396   2          
 397   2          //P32 as output
 398   2        //                      P3M1   P3M0
 399   2        //P30(BUZ)->INPUT         1      1
 400   2        //P31(LED)->CMOS          0      1
 401   2        //P32(SW1/BUZ)->INPUT       0      1
 402   2        //P33(O3)->OUTPUT         0      0
 403   2        //P34(UV)->CMOS           0      1
 404   2        //P35(ION)->OUTPUT        0      0
 405   2              
 406   2      
 407   2        //P3M1 &=0b1111 1011;
 408   2        //P3M0 |=0b0000 0100;
 409   2        
 410   2        
 411   2          P3M1 &= 0xfb;               //P32 as CMOS output  
 412   2          P3M0 |= 0x04;
 413   2            
 414   2          BUZ=~BUZ;
 415   2      }
 416   1          else BUZ=0;
 417   1      }
 418          


MODULE INFORMATION:   STATIC OVERLAYABLE
   CODE SIZE        =    723    ----
   CONSTANT SIZE    =   ----    ----
   XDATA SIZE       =   ----    ----
   PDATA SIZE       =   ----    ----
   DATA SIZE        =   ----    ----
   IDATA SIZE       =     24    ----
C51 COMPILER V9.54   MAIN                                                                  12/13/2020 23:49:12 PAGE 8   

   BIT SIZE         =     10    ----
   EDATA SIZE       =   ----    ----
   HDATA SIZE       =   ----    ----
   XDATA CONST SIZE =   ----    ----
   FAR CONST SIZE   =   ----    ----
END OF MODULE INFORMATION.


C51 COMPILATION COMPLETE.  0 WARNING(S),  0 ERROR(S)
