C51 COMPILER V9.54   PROCESS                                                               06/26/2020 07:54:38 PAGE 1   


C51 COMPILER V9.54, COMPILATION OF MODULE PROCESS
OBJECT MODULE PLACED IN process.obj
COMPILER INVOKED BY: c:\Keil_v5\C51\BIN\C51.EXE Public\src\process.c OMF2 ROM(COMPACT) OPTIMIZE(8,SPEED) BROWSE DEBUG PR
                    -INT(.\process.lst) TABS(2) OBJECT(process.obj)

line level    source

   1          
   2          #include "./public/inc/config.h"  
   3          #include "./public/inc/delay.h"  
   4          #include "./public/inc/init.h"
   5          #include "./public/inc/process.h"
   6          #include "STC15F104E.h"
   7          #include <intrins.h>
   8          
   9          
  10          
  11          
  12          void Process_Timer()
  13          {
  14   1      
  15   1        if (Timer_update==1)
  16   1        {
  17   2          
  18   2          Time_us++;    
  19   2          Timer_update=0; 
  20   2          if (Time_us>=4)
  21   2            {
  22   3              Time_us=0;
  23   3              Time_ms++;
  24   3            }
  25   2          
  26   2      
  27   2          if (Time_ms>=1000) 
  28   2            {
  29   3              
  30   3              Time_ms=0;
  31   3              Time_sec++;
  32   3            }
  33   2          if (Time_sec>=60)
  34   2            {
  35   3          
  36   3              Time_sec=0;
  37   3              Time_min++;
  38   3            }
  39   2           if (Time_min>=60)
  40   2            {
  41   3              Time_min=0;
  42   3            }
  43   2            
  44   2        } 
  45   1      
  46   1      
  47   1      }
  48          
  49          
  50          
  51          
  52          void Process_UV()
  53          {
  54   1        if (UV_on==1)
C51 COMPILER V9.54   PROCESS                                                               06/26/2020 07:54:38 PAGE 2   

  55   1        {
  56   2          UV=1;
  57   2        
  58   2        
  59   2        }
  60   1        else UV=0;
  61   1      
  62   1      }
  63          
  64          void Process_O3()
  65          {
  66   1        SET_CMOS(IO_O3);
  67   1        switch (O3_level)
  68   1        {
  69   2          case 0:      
  70   2                        
  71   2                        O3=0;
  72   2                        break;
  73   2          case 1:      
  74   2                        
  75   2                        O3=1;
  76   2                                          
  77   2                        break;
  78   2          
  79   2        }
  80   1      }
  81          
  82           
  83          
  84          void Process_LED()
  85          {
  86   1      if (Beep==0)
  87   1      {
  88   2        switch (LED_type)
  89   2            {
  90   3              case 0:     
  91   3                
  92   3                          
  93   3                          SET_INPUT(IO_LED);
  94   3                          
  95   3                          break;
  96   3              case 1:     
  97   3                          SET_CMOS(IO_LED);
  98   3                          LED=0;
  99   3                          break;
 100   3              case 2:     
 101   3                          SET_CMOS(IO_LED);
 102   3                          LED=1;
 103   3                          break;
 104   3              case 3:     
 105   3                           
 106   3                          if (Time_sec%2==0) 
 107   3                          {
 108   4                            SET_CMOS(IO_LED);
 109   4                            LED=0;
 110   4                          }
 111   3                          else 
 112   3                          {
 113   4                            SET_INPUT(IO_LED);
 114   4                          }
 115   3                          break;
 116   3              case 4:     
C51 COMPILER V9.54   PROCESS                                                               06/26/2020 07:54:38 PAGE 3   

 117   3                           
 118   3                          if (((Time_us%512)==0) && ((Time_sec%4)==0))
 119   3                          {
 120   4                            SET_CMOS(IO_LED);
 121   4                            LED=1;
 122   4                          }
 123   3                          else 
 124   3                          {
 125   4                            SET_INPUT(IO_LED);
 126   4                          }
 127   3                          break;      
 128   3                          
 129   3            } 
 130   2      }
 131   1      }
 132          
 133          
 134           
 135          
 136          
 137          void Process_sleep()
 138            
 139          {
 140   1      
 141   1        
 142   1        if ((Time_min>=time_1min) && (state==standby_mode))
 143   1        {
 144   2          PCON|=0x02;
 145   2          _nop_ ();
 146   2          
 147   2          
 148   2          _nop_ ();
 149   2          _nop_ ();
 150   2          _nop_ ();
 151   2          _nop_ ();
 152   2          _nop_ ();
 153   2          _nop_ ();
 154   2          _nop_ ();
 155   2          _nop_ ();
 156   2          _nop_ ();
 157   2          _nop_ ();
 158   2          
 159   2          
 160   2          
 161   2        }
 162   1      
 163   1        
 164   1      //  
 165   1        if  ((state==O3_off_mode))
 166   1        {
 167   2          SET_CMOS(IO_RC);
 168   2          RC=1;
 169   2          delay_ms(10);
 170   2          
 171   2          SET_INPUT(IO_RC);
 172   2          
 173   2          PCON|=0x02;
 174   2          _nop_ ();
 175   2          _nop_ ();
 176   2          _nop_ ();
 177   2          _nop_ ();
 178   2          _nop_ ();
C51 COMPILER V9.54   PROCESS                                                               06/26/2020 07:54:38 PAGE 4   

 179   2          _nop_ ();
 180   2          _nop_ ();
 181   2          _nop_ ();
 182   2          _nop_ ();
 183   2          _nop_ ();
 184   2          _nop_ ();
 185   2          Time_ms=0;
 186   2          Time_sec=0;
 187   2          state=O3_LED_mode;
 188   2          SET_CMOS(IO_RC);
 189   2          RC=1;
 190   2          
 191   2          
 192   2        }
 193   1        
 194   1        
 195   1      }
 196          
 197          
 198          


MODULE INFORMATION:   STATIC OVERLAYABLE
   CODE SIZE        =    307    ----
   CONSTANT SIZE    =   ----    ----
   XDATA SIZE       =   ----    ----
   PDATA SIZE       =   ----    ----
   DATA SIZE        =   ----    ----
   IDATA SIZE       =   ----    ----
   BIT SIZE         =   ----    ----
   EDATA SIZE       =   ----    ----
   HDATA SIZE       =   ----    ----
   XDATA CONST SIZE =   ----    ----
   FAR CONST SIZE   =   ----    ----
END OF MODULE INFORMATION.


C51 COMPILATION COMPLETE.  0 WARNING(S),  0 ERROR(S)
